// Jest Snapshot v1, https://goo.gl/fbAQLP

exports[`footer matches snapshot 1`] = `
Array [
  <hr />,
  <footer
    className="container text-muted"
    id="footer-txt"
  >
    Â© QA Cinemas 2021
  </footer>,
]
`;
